== Fri 10/02/2026 23:18:16.74 
-- install uv 
downloading uv 0.12.22 (x86_64-pc-windows-msvc)
installing to C:\Users\WangYushi\.local\bin
  uv.exe
  uvx.exe
  uvw.exe
everything's installed!
-- uv version 
uv 0.12.22 (70fe1196a 2026-10-01 x86_64-pc-windows-msvc)
-- uv sync 
Downloading cpython-3.12.15-windows-x86_64-none (download) (21.0MiB)
 Downloaded cpython-3.12.15-windows-x86_64-none (download)
Using CPython 3.12.15
Creating virtual environment at: .venv
Resolved 52 packages in 2ms
Downloading pygments (1.2MiB)
Downloading lxml (3.8MiB)
Downloading ruff (10.1MiB)
Downloading pyside6-addons (160.4MiB)
Downloading mypy (10.9MiB)
Downloading ast-serialize (1.1MiB)
Downloading pyinstaller (1.4MiB)
Downloading shiboken6 (1.2MiB)
Downloading sqlalchemy (2.3MiB)
Downloading pyside6-essentials (73.3MiB)
 Downloaded ast-serialize
 Downloaded shiboken6
 Downloaded pygments
 Downloaded sqlalchemy
 Downloaded pyinstaller
 Downloaded lxml
 Downloaded ruff
 Downloaded mypy
 Downloaded pyside6-essentials
 Downloaded pyside6-addons
Prepared 45 packages in 54.95s
warning: Failed to hardlink files; falling back to full copy. This may lead to degraded performance.
         If the cache and target directories are on different filesystems, hardlinking may not be supported.
         If this is intentional, set `export UV_LINK_MODE=copy` or use `--link-mode=copy` to suppress this warning.
Installed 45 packages in 9.14s
 + alembic==1.20.0
 + altgraph==0.17.5
 + anyio==4.15.1
 + ast-serialize==0.12.0
 + certifi==2026.7.22
 + colorama==0.4.6
 + h11==0.16.0
 + httpcore==1.0.9
 + httpx==0.28.1
 + idna==3.20
 + iniconfig==2.3.0
 + jaraco-classes==3.4.0
 + jaraco-context==6.1.2
 + jaraco-functools==4.6.0
 + keyring==25.7.0
 + librt==0.16.0
 + lxml==6.1.3
 + mako==1.4.3
 + markupsafe==3.0.3
 + more-itertools==11.1.0
 + mypy==2.4.0
 + mypy-extensions==1.1.0
 + packaging==26.3
 + pathspec==1.1.1
 + pefile==2024.8.26
 + pluggy==1.6.0
 + pygments==2.21.0
 + pyinstaller==6.22.3
 + pyinstaller-hooks-contrib==2026.8
 + pypdf==6.19.0
 + pyside6==6.11.2
 + pyside6-addons==6.11.2
 + pyside6-essentials==6.11.2
 + pytest==9.1.1
 + pytest-qt==4.5.0
 + python-docx==1.2.0
 + python-dotenv==1.2.4
 + pywin32-ctypes==0.2.3
 + qasync==0.28.0
 + respx==0.23.1
 + ruff==0.16.10
 + setuptools==84.0.0
 + shiboken6==6.11.2
 + sqlalchemy==2.1.2
 + typing-extensions==4.16.0
-- make_env 
.env written: SUPABASE_URL and SUPABASE_PUBLISHABLE_KEY copied from the web app's .env.local.
-- import check 
python 3.12.15 (main, Oct  1 2026, 21:00:48) [MSC v.1944 64 bit (AMD64)]
-- starting app 
== SETUP OK 
